2026-07-05 15:34:47.928: [INFO] OnDoneLoading sync enabled: 0
2026-07-05 15:34:52.278: [INFO] OnDoneLoading sync enabled: 0
2026-07-05 15:38:50.922: [INFO] OnDoneLoading sync enabled: 0
2026-07-05 15:42:27.034: [INFO] OnDoneLoading sync enabled: 0
2026-07-05 15:43:12.453: [INFO] OnDoneLoading sync enabled: 0
2026-07-05 15:45:03.901: [INFO] OnDoneLoading sync enabled: 0
2026-07-05 15:45:18.639: [INFO] OnDoneLoading sync enabled: 0
2026-07-05 15:47:26.531: [INFO] OnDoneLoading sync enabled: 0
2026-07-05 15:48:11.144: [INFO] OnDoneLoading sync enabled: 0
2026-07-05 15:49:13.156: [INFO] OnDoneLoading sync enabled: 0
2026-07-06 03:09:05.621: [INFO] OnDoneLoading sync enabled: 0
2026-07-06 03:09:53.749: [INFO] OnDoneLoading sync enabled: 0
2026-07-06 03:09:58.950: [INFO] OnDoneLoading sync enabled: 0
2026-07-06 03:10:03.513: [INFO] OnDoneLoading sync enabled: 0
2026-07-06 03:40:54.862: [INFO] OnDoneLoading sync enabled: 0
2026-07-06 03:41:43.045: [INFO] OnDoneLoading sync enabled: 0
2026-07-06 03:50:40.960: [INFO] OnDoneLoading sync enabled: 0
2026-07-06 03:51:45.217: [INFO] OnDoneLoading sync enabled: 0
2026-07-06 04:31:50.541: [INFO] OnDoneLoading sync enabled: 0
2026-07-06 04:35:13.363: [INFO] OnDoneLoading sync enabled: 0
2026-07-06 12:46:40.622: [INFO] OnDoneLoading sync enabled: 0
2026-07-07 03:18:07.234: [INFO] OnDoneLoading sync enabled: 0
2026-07-07 14:29:08.668: [INFO] OnDoneLoading sync enabled: 0
2026-07-07 15:15:13.603: [INFO] OnDoneLoading sync enabled: 0
2026-07-07 15:16:43.902: [INFO] OnDoneLoading sync enabled: 0
2026-07-07 15:19:58.741: [INFO] OnDoneLoading sync enabled: 0
2026-07-07 15:19:59.464: [INFO] OnDoneLoading sync enabled: 0
2026-07-07 15:22:57.004: [INFO] OnDoneLoading sync enabled: 0
2026-07-07 15:34:26.200: [INFO] OnDoneLoading sync enabled: 0
2026-07-08 02:53:06.805: [INFO] OnDoneLoading sync enabled: 0
2026-07-08 02:55:17.558: [INFO] OnDoneLoading sync enabled: 0
2026-07-08 02:56:42.329: [INFO] OnDoneLoading sync enabled: 0
2026-07-08 06:16:28.861: [INFO] OnDoneLoading sync enabled: 0
2026-07-08 06:29:24.669: [INFO] OnDoneLoading sync enabled: 0
2026-07-08 06:40:28.514: [INFO] OnDoneLoading sync enabled: 0
2026-07-08 08:34:02.629: [INFO] OnDoneLoading sync enabled: 0
2026-07-12 13:47:27.987: [INFO] OnDoneLoading sync enabled: 0
2026-07-15 13:36:57.298: [INFO] OnDoneLoading sync enabled: 0
2026-07-16 15:47:37.160: [INFO] OnDoneLoading sync enabled: 0
2026-08-20 07:18:09.077: [INFO] CurrentProfilePath: E:\Lohari\Backend\.metadata\.plugins\org.eclipse.swt\EBWebView\Default
2026-08-20 07:18:09.077: [INFO] Profiles total count: 1
2026-08-20 07:18:09.077: [INFO] Profile: name=Profile 1 path=E:\Lohari\Backend\.metadata\.plugins\org.eclipse.swt\EBWebView\Default lastActive=2026-07-07T14:31:12.229Z
2026-08-20 07:18:09.077: [INFO] LastUsedProfileDir: E:\Lohari\Backend\.metadata\.plugins\org.eclipse.swt\EBWebView\Default
2026-08-20 07:18:09.077: [INFO] MostRecentlyActiveProfile: name=Profile 1 path=E:\Lohari\Backend\.metadata\.plugins\org.eclipse.swt\EBWebView\Default lastActive=2026-07-07T14:31:12.229Z
2026-08-20 07:18:09.077: [INFO] OnDoneLoading sync enabled: 0
2026-08-20 07:18:09.077: [INFO] BookmarkModelLoaded, ids_reassigned: 0
2026-08-20 07:18:09.077: [INFO] BookmarksLoadDropped droppedNodes=0
2026-08-20 07:18:09.077: [INFO] BookmarksSnapshot Startup total=0 bar=0 other=0 mobile=0 showBar=0 showBarNTP=1
2026-08-20 07:18:16.064: [INFO] BookmarksSnapshot Shutdown total=0 bar=0 other=0 mobile=0 showBar=0 showBarNTP=1
2026-08-30 04:42:37.999: [INFO] CurrentProfilePath: E:\Lohari\Backend\.metadata\.plugins\org.eclipse.swt\EBWebView\Default
2026-08-30 04:42:37.999: [INFO] Profiles total count: 1
2026-08-30 04:42:37.999: [INFO] Profile: name=Profile 1 path=E:\Lohari\Backend\.metadata\.plugins\org.eclipse.swt\EBWebView\Default lastActive=2026-07-07T14:31:12.229Z
2026-08-30 04:42:37.999: [INFO] LastUsedProfileDir: E:\Lohari\Backend\.metadata\.plugins\org.eclipse.swt\EBWebView\Default
2026-08-30 04:42:37.999: [INFO] MostRecentlyActiveProfile: name=Profile 1 path=E:\Lohari\Backend\.metadata\.plugins\org.eclipse.swt\EBWebView\Default lastActive=2026-07-07T14:31:12.229Z
2026-08-30 04:42:37.999: [INFO] OnDoneLoading sync enabled: 0
2026-08-30 04:42:37.999: [INFO] BookmarkModelLoaded, ids_reassigned: 0
2026-08-30 04:42:37.999: [INFO] BookmarksLoadDropped droppedNodes=0
2026-08-30 04:42:37.999: [INFO] BookmarksSnapshot Startup total=0 bar=0 other=0 mobile=0 showBar=0 showBarNTP=1
2026-08-30 05:09:32.202: [INFO] BookmarksSnapshot Shutdown total=0 bar=0 other=0 mobile=0 showBar=0 showBarNTP=1
2026-08-30 05:10:44.869: [INFO] CurrentProfilePath: E:\Lohari\Backend\.metadata\.plugins\org.eclipse.swt\EBWebView\Default
2026-08-30 05:10:44.869: [INFO] Profiles total count: 1
2026-08-30 05:10:44.869: [INFO] Profile: name=Profile 1 path=E:\Lohari\Backend\.metadata\.plugins\org.eclipse.swt\EBWebView\Default lastActive=2026-07-07T14:31:12.229Z
2026-08-30 05:10:44.869: [INFO] LastUsedProfileDir: E:\Lohari\Backend\.metadata\.plugins\org.eclipse.swt\EBWebView\Default
2026-08-30 05:10:44.869: [INFO] MostRecentlyActiveProfile: name=Profile 1 path=E:\Lohari\Backend\.metadata\.plugins\org.eclipse.swt\EBWebView\Default lastActive=2026-07-07T14:31:12.229Z
2026-08-30 05:10:44.869: [INFO] OnDoneLoading sync enabled: 0
2026-08-30 05:10:44.869: [INFO] BookmarkModelLoaded, ids_reassigned: 0
2026-08-30 05:10:44.869: [INFO] BookmarksLoadDropped droppedNodes=0
2026-08-30 05:10:44.870: [INFO] BookmarksSnapshot Startup total=0 bar=0 other=0 mobile=0 showBar=0 showBarNTP=1
2026-08-30 05:16:58.377: [INFO] BookmarksSnapshot Shutdown total=0 bar=0 other=0 mobile=0 showBar=0 showBarNTP=1
2026-08-30 05:18:30.403: [INFO] CurrentProfilePath: E:\Lohari\Backend\.metadata\.plugins\org.eclipse.swt\EBWebView\Default
2026-08-30 05:18:30.403: [INFO] Profiles total count: 1
2026-08-30 05:18:30.404: [INFO] Profile: name=Profile 1 path=E:\Lohari\Backend\.metadata\.plugins\org.eclipse.swt\EBWebView\Default lastActive=2026-07-07T14:31:12.229Z
2026-08-30 05:18:30.404: [INFO] LastUsedProfileDir: E:\Lohari\Backend\.metadata\.plugins\org.eclipse.swt\EBWebView\Default
2026-08-30 05:18:30.404: [INFO] MostRecentlyActiveProfile: name=Profile 1 path=E:\Lohari\Backend\.metadata\.plugins\org.eclipse.swt\EBWebView\Default lastActive=2026-07-07T14:31:12.229Z
2026-08-30 05:18:30.404: [INFO] OnDoneLoading sync enabled: 0
2026-08-30 05:18:30.404: [INFO] BookmarkModelLoaded, ids_reassigned: 0
2026-08-30 05:18:30.404: [INFO] BookmarksLoadDropped droppedNodes=0
2026-08-30 05:18:30.404: [INFO] BookmarksSnapshot Startup total=0 bar=0 other=0 mobile=0 showBar=0 showBarNTP=1
2026-08-30 05:48:35.113: [INFO] BookmarksSnapshot Shutdown total=0 bar=0 other=0 mobile=0 showBar=0 showBarNTP=1
